// Jest Snapshot v1, https://goo.gl/fbAQLP

exports[`App renders correctly 1`] = `
App {
  "_id": 1,
  "state": Object {
    "element": <div
      id="root"
    >
      
        
      <div
        class="App"
      >
        
          
        <header
          class="App-header"
          data-component="header"
        />
        
          
        <main
          class="App-main"
          data-component="main"
        />
        
          
        <footer
          class="App-footer"
          data-component="footer"
        />
        
        
      </div>
      
      
    </div>,
  },
}
`;
